[5.002s] DEBUG:colcon:Command line arguments: ['/usr/bin/colcon', 'list', '-p', '--base-paths', '/home/phaedons/CPPDescent']
[5.002s] DEBUG:colcon:Parsed command line arguments: Namespace(log_base=None, log_level=None, verb_name='list', build_base='build', ignore_user_meta=False, metas=['./colcon.meta'], base_paths=['/home/phaedons/CPPDescent'], packages_ignore=None, packages_ignore_regex=None, paths=None, packages_up_to=None, packages_up_to_regex=None, packages_above=None, packages_above_and_dependencies=None, packages_above_depth=None, packages_select_by_dep=None, packages_skip_by_dep=None, packages_skip_up_to=None, packages_select_build_failed=False, packages_skip_build_finished=False, packages_select_test_failures=False, packages_skip_test_passed=False, packages_select=None, packages_skip=None, packages_select_regex=None, packages_skip_regex=None, packages_start=None, packages_end=None, allow_overriding=[], topological_order=False, names_only=False, paths_only=True, topological_graph=False, topological_graph_dot=False, topological_graph_density=False, topological_graph_legend=False, topological_graph_dot_cluster=False, topological_graph_dot_include_skipped=False, verb_parser=<colcon_defaults.argument_parser.defaults.DefaultArgumentsDecorator object at 0x7fa64561f8b0>, verb_extension=<colcon_package_information.verb.list.ListVerb object at 0x7fa645bcf5b0>, main=<bound method ListVerb.main of <colcon_package_information.verb.list.ListVerb object at 0x7fa645bcf5b0>>)
[5.235s] Level 1:colcon.colcon_core.package_discovery:discover_packages(colcon_meta) check parameters
[5.236s] Level 1:colcon.colcon_core.package_discovery:discover_packages(recursive) check parameters
[5.236s] Level 1:colcon.colcon_core.package_discovery:discover_packages(ignore) check parameters
[5.236s] Level 1:colcon.colcon_core.package_discovery:discover_packages(path) check parameters
[5.236s] Level 1:colcon.colcon_core.package_discovery:discover_packages(recursive) discover
[5.236s] INFO:colcon.colcon_core.package_discovery:Crawling recursively for packages in '/home/phaedons/CPPDescent'
[5.236s] Level 1:colcon.colcon_core.package_identification:_identify(/home/phaedons/CPPDescent) by extensions ['ignore', 'ignore_ament_install']
[5.237s] Level 1:colcon.colcon_core.package_identification:_identify(/home/phaedons/CPPDescent) by extension 'ignore'
[5.237s] Level 1:colcon.colcon_core.package_identification:_identify(/home/phaedons/CPPDescent) by extension 'ignore_ament_install'
[5.237s] Level 1:colcon.colcon_core.package_identification:_identify(/home/phaedons/CPPDescent) by extensions ['colcon_pkg']
[5.237s] Level 1:colcon.colcon_core.package_identification:_identify(/home/phaedons/CPPDescent) by extension 'colcon_pkg'
[5.237s] Level 1:colcon.colcon_core.package_identification:_identify(/home/phaedons/CPPDescent) by extensions ['colcon_meta']
[5.237s] Level 1:colcon.colcon_core.package_identification:_identify(/home/phaedons/CPPDescent) by extension 'colcon_meta'
[5.237s] Level 1:colcon.colcon_core.package_identification:_identify(/home/phaedons/CPPDescent) by extensions ['ros']
[5.237s] Level 1:colcon.colcon_core.package_identification:_identify(/home/phaedons/CPPDescent) by extension 'ros'
[5.273s] Level 1:colcon.colcon_core.package_identification:_identify(/home/phaedons/CPPDescent) by extensions ['cmake', 'python']
[5.274s] Level 1:colcon.colcon_core.package_identification:_identify(/home/phaedons/CPPDescent) by extension 'cmake'
[5.360s] Level 1:colcon.colcon_core.package_identification:_identify(/home/phaedons/CPPDescent) by extension 'python'
[5.361s] DEBUG:colcon.colcon_core.package_identification:Package '/home/phaedons/CPPDescent' with type 'cmake' and name 'CPPDescent'
[5.361s] Level 1:colcon.colcon_core.package_discovery:discover_packages(recursive) using defaults
